0 verbose cli C:\Program Files\nodejs\node.exe C:\Program Files\nodejs\node_modules\npm\bin\npm-cli.js
1 info using npm@11.6.2
2 info using node@v24.13.0
3 silly config load:file:C:\Program Files\nodejs\node_modules\npm\npmrc
4 silly config load:file:C:\Users\vedsp\Desktop\MBA dashboard\.npmrc
5 silly config load:file:C:\Users\vedsp\.npmrc
6 silly config load:file:C:\Users\vedsp\AppData\Roaming\npm\etc\npmrc
7 verbose title npm install
8 verbose argv "install" "--cache" ".npm-cache" "--loglevel" "warn"
9 verbose logfile logs-max:10 dir:C:\Users\vedsp\Desktop\MBA dashboard\.npm-cache\_logs\2026-08-02T20_24_55_180Z-
10 verbose logfile C:\Users\vedsp\Desktop\MBA dashboard\.npm-cache\_logs\2026-08-02T20_24_55_180Z-debug-0.log
11 silly logfile done cleaning log files
12 silly packumentCache heap:4496293888 maxSize:1124073472 maxEntrySize:562036736
13 silly idealTree buildDeps
14 warn EBADENGINE Unsupported engine {
14 warn EBADENGINE   package: '@mba/functions@1.0.0',
14 warn EBADENGINE   required: { node: '20' },
14 warn EBADENGINE   current: { node: 'v24.13.0', npm: '11.6.2' }
14 warn EBADENGINE }
15 warn EBADENGINE Unsupported engine {
15 warn EBADENGINE   package: '@mba/functions@1.0.0',
15 warn EBADENGINE   required: { node: '20' },
15 warn EBADENGINE   current: { node: 'v24.13.0', npm: '11.6.2' }
15 warn EBADENGINE }
16 silly reify moves {}
17 silly audit bulk request {
17 silly audit   '@mba/web': [ '1.0.0' ],
17 silly audit   '@mba/functions': [ '1.0.0' ],
17 silly audit   '@emnapi/runtime': [ '1.11.3' ],
17 silly audit   '@esbuild/aix-ppc64': [ '0.21.5' ],
17 silly audit   '@esbuild/android-arm': [ '0.21.5' ],
17 silly audit   '@esbuild/android-arm64': [ '0.21.5' ],
17 silly audit   '@esbuild/android-x64': [ '0.21.5' ],
17 silly audit   '@esbuild/darwin-arm64': [ '0.21.5' ],
17 silly audit   '@esbuild/darwin-x64': [ '0.21.5' ],
17 silly audit   '@esbuild/freebsd-arm64': [ '0.21.5' ],
17 silly audit   '@esbuild/freebsd-x64': [ '0.21.5' ],
17 silly audit   '@esbuild/linux-arm': [ '0.21.5' ],
17 silly audit   '@esbuild/linux-arm64': [ '0.21.5' ],
17 silly audit   '@esbuild/linux-ia32': [ '0.21.5' ],
17 silly audit   '@esbuild/linux-loong64': [ '0.21.5' ],
17 silly audit   '@esbuild/linux-mips64el': [ '0.21.5' ],
17 silly audit   '@esbuild/linux-ppc64': [ '0.21.5' ],
17 silly audit   '@esbuild/linux-riscv64': [ '0.21.5' ],
17 silly audit   '@esbuild/linux-s390x': [ '0.21.5' ],
17 silly audit   '@esbuild/linux-x64': [ '0.21.5' ],
17 silly audit   '@esbuild/netbsd-x64': [ '0.21.5' ],
17 silly audit   '@esbuild/openbsd-x64': [ '0.21.5' ],
17 silly audit   '@esbuild/sunos-x64': [ '0.21.5' ],
17 silly audit   '@esbuild/win32-arm64': [ '0.21.5' ],
17 silly audit   '@esbuild/win32-ia32': [ '0.21.5' ],
17 silly audit   '@esbuild/win32-x64': [ '0.21.5' ],
17 silly audit   '@fastify/busboy': [ '3.2.0' ],
17 silly audit   '@firebase/ai': [ '2.14.0' ],
17 silly audit   '@firebase/analytics': [ '0.10.23' ],
17 silly audit   '@firebase/analytics-compat': [ '0.2.29' ],
17 silly audit   '@firebase/analytics-types': [ '0.8.4' ],
17 silly audit   '@firebase/app': [ '0.16.0' ],
17 silly audit   '@firebase/app-check': [ '0.13.0' ],
17 silly audit   '@firebase/app-check-compat': [ '0.4.6' ],
17 silly audit   '@firebase/app-check-interop-types': [ '0.3.4' ],
17 silly audit   '@firebase/app-check-types': [ '0.5.4' ],
17 silly audit   '@firebase/app-compat': [ '0.5.16' ],
17 silly audit   '@firebase/app-types': [ '0.9.5' ],
17 silly audit   '@firebase/auth': [ '1.13.4' ],
17 silly audit   '@firebase/auth-compat': [ '0.6.9' ],
17 silly audit   '@firebase/auth-interop-types': [ '0.2.5' ],
17 silly audit   '@firebase/auth-types': [ '0.13.1' ],
17 silly audit   '@firebase/component': [ '0.7.4' ],
17 silly audit   '@firebase/data-connect': [ '0.7.2' ],
17 silly audit   '@firebase/database': [ '1.1.4' ],
17 silly audit   '@firebase/database-compat': [ '2.1.5' ],
17 silly audit   '@firebase/database-types': [ '1.0.21' ],
17 silly audit   '@firebase/firestore': [ '4.17.0' ],
17 silly audit   '@firebase/firestore-compat': [ '0.4.12' ],
17 silly audit   '@firebase/firestore-types': [ '3.0.4' ],
17 silly audit   '@grpc/grpc-js': [ '1.9.16', '1.14.4' ],
17 silly audit   '@firebase/functions': [ '0.13.6' ],
17 silly audit   '@firebase/functions-compat': [ '0.4.6' ],
17 silly audit   '@firebase/functions-types': [ '0.6.4' ],
17 silly audit   '@firebase/installations': [ '0.6.23' ],
17 silly audit   '@firebase/installations-compat': [ '0.2.23' ],
17 silly audit   '@firebase/installations-types': [ '0.5.4' ],
17 silly audit   '@firebase/logger': [ '0.5.1' ],
17 silly audit   '@firebase/messaging': [ '0.13.1' ],
17 silly audit   '@firebase/messaging-compat': [ '0.2.28' ],
17 silly audit   '@firebase/messaging-interop-types': [ '0.2.5' ],
17 silly audit   '@firebase/performance': [ '0.7.13' ],
17 silly audit   '@firebase/performance-compat': [ '0.2.26' ],
17 silly audit   '@firebase/performance-types': [ '0.2.4' ],
17 silly audit   '@firebase/remote-config': [ '0.9.1' ],
17 silly audit   '@firebase/remote-config-compat': [ '0.2.28' ],
17 silly audit   '@firebase/remote-config-types': [ '0.5.1' ],
17 silly audit   '@firebase/storage': [ '0.14.4' ],
17 silly audit   '@firebase/storage-compat': [ '0.4.4' ],
17 silly audit   '@firebase/storage-types': [ '0.8.4' ],
17 silly audit   '@firebase/util': [ '1.15.2' ],
17 silly audit   '@firebase/webchannel-wrapper': [ '1.0.6' ],
17 silly audit   '@google-cloud/firestore': [ '8.7.0' ],
17 silly audit   '@google-cloud/paginator': [ '5.0.2' ],
17 silly audit   '@google-cloud/projectify': [ '4.0.0' ],
17 silly audit   '@google-cloud/promisify': [ '4.0.0' ],
17 silly audit   '@google-cloud/storage': [ '7.21.0' ],
17 silly audit   'gcp-metadata': [ '6.1.1', '8.1.2' ],
17 silly audit   'google-auth-library': [ '9.15.1', '10.9.1', '10.5.0' ],
17 silly audit   'google-logging-utils': [ '0.0.2', '1.1.3' ],
17 silly audit   '@grpc/proto-loader': [ '0.8.1', '0.7.15' ],
17 silly audit   '@img/colour': [ '1.1.0' ],
17 silly audit   '@img/sharp-darwin-arm64': [ '0.34.5' ],
17 silly audit   '@img/sharp-darwin-x64': [ '0.34.5' ],
17 silly audit   '@img/sharp-libvips-darwin-arm64': [ '1.2.4' ],
17 silly audit   '@img/sharp-libvips-darwin-x64': [ '1.2.4' ],
17 silly audit   '@img/sharp-libvips-linux-arm': [ '1.2.4' ],
17 silly audit   '@img/sharp-libvips-linux-arm64': [ '1.2.4' ],
17 silly audit   '@img/sharp-libvips-linux-ppc64': [ '1.2.4' ],
17 silly audit   '@img/sharp-libvips-linux-riscv64': [ '1.2.4' ],
17 silly audit   '@img/sharp-libvips-linux-s390x': [ '1.2.4' ],
17 silly audit   '@img/sharp-libvips-linux-x64': [ '1.2.4' ],
17 silly audit   '@img/sharp-libvips-linuxmusl-arm64': [ '1.2.4' ],
17 silly audit   '@img/sharp-libvips-linuxmusl-x64': [ '1.2.4' ],
17 silly audit   '@img/sharp-linux-arm': [ '0.34.5' ],
17 silly audit   '@img/sharp-linux-arm64': [ '0.34.5' ],
17 silly audit   '@img/sharp-linux-ppc64': [ '0.34.5' ],
17 silly audit   '@img/sharp-linux-riscv64': [ '0.34.5' ],
17 silly audit   '@img/sharp-linux-s390x': [ '0.34.5' ],
17 silly audit   '@img/sharp-linux-x64': [ '0.34.5' ],
17 silly audit   '@img/sharp-linuxmusl-arm64': [ '0.34.5' ],
17 silly audit   '@img/sharp-linuxmusl-x64': [ '0.34.5' ],
17 silly audit   '@img/sharp-wasm32': [ '0.34.5' ],
17 silly audit   '@img/sharp-win32-arm64': [ '0.34.5' ],
17 silly audit   '@img/sharp-win32-ia32': [ '0.34.5' ],
17 silly audit   '@img/sharp-win32-x64': [ '0.34.5' ],
17 silly audit   '@isaacs/cliui': [ '8.0.2' ],
17 silly audit   'ansi-regex': [ '6.2.2', '5.0.1' ],
17 silly audit   'ansi-styles': [ '6.2.3', '4.3.0' ],
17 silly audit   'emoji-regex': [ '9.2.2', '8.0.0' ],
17 silly audit   'string-width': [ '5.1.2', '4.2.3' ],
17 silly audit   'strip-ansi': [ '7.2.0', '6.0.1' ],
17 silly audit   'wrap-ansi': [ '8.1.0', '7.0.0' ],
17 silly audit   '@jridgewell/sourcemap-codec': [ '1.5.5' ],
17 silly audit   '@js-sdsl/ordered-map': [ '4.4.2' ],
17 silly audit   '@napi-rs/lzma-linux-x64-gnu': [ '1.5.1' ],
17 silly audit   '@next/env': [ '16.2.12' ],
17 silly audit   '@next/swc-darwin-arm64': [ '16.2.12' ],
17 silly audit   '@next/swc-darwin-x64': [ '16.2.12' ],
17 silly audit   '@next/swc-linux-arm64-gnu': [ '16.2.12' ],
17 silly audit   '@next/swc-linux-arm64-musl': [ '16.2.12' ],
17 silly audit   '@next/swc-linux-x64-gnu': [ '16.2.12' ],
17 silly audit   '@next/swc-linux-x64-musl': [ '16.2.12' ],
17 silly audit   '@next/swc-win32-arm64-msvc': [ '16.2.12' ],
17 silly audit   '@next/swc-win32-x64-msvc': [ '16.2.12' ],
17 silly audit   '@nodable/entities': [ '3.0.0' ],
17 silly audit   '@pkgjs/parseargs': [ '0.11.0' ],
17 silly audit   '@protobufjs/aspromise': [ '1.1.2' ],
17 silly audit   '@protobufjs/base64': [ '1.1.2' ],
17 silly audit   '@protobufjs/codegen': [ '2.0.5' ],
17 silly audit   '@protobufjs/eventemitter': [ '1.1.1' ],
17 silly audit   '@protobufjs/fetch': [ '1.1.1' ],
17 silly audit   '@protobufjs/float': [ '1.0.2' ],
17 silly audit   '@protobufjs/path': [ '1.1.2' ],
17 silly audit   '@protobufjs/pool': [ '1.1.0' ],
17 silly audit   '@protobufjs/utf8': [ '1.1.2' ],
17 silly audit   '@rollup/rollup-android-arm-eabi': [ '4.62.4' ],
17 silly audit   '@rollup/rollup-android-arm64': [ '4.62.4' ],
17 silly audit   '@rollup/rollup-darwin-arm64': [ '4.62.4' ],
17 silly audit   '@rollup/rollup-darwin-x64': [ '4.62.4' ],
17 silly audit   '@rollup/rollup-freebsd-arm64': [ '4.62.4' ],
17 silly audit   '@rollup/rollup-freebsd-x64': [ '4.62.4' ],
17 silly audit   '@rollup/rollup-linux-arm-gnueabihf': [ '4.62.4' ],
17 silly audit   '@rollup/rollup-linux-arm-musleabihf': [ '4.62.4' ],
17 silly audit   '@rollup/rollup-linux-arm64-gnu': [ '4.62.4' ],
17 silly audit   '@rollup/rollup-linux-arm64-musl': [ '4.62.4' ],
17 silly audit   '@rollup/rollup-linux-loong64-gnu': [ '4.62.4' ],
17 silly audit   '@rollup/rollup-linux-loong64-musl': [ '4.62.4' ],
17 silly audit   '@rollup/rollup-linux-ppc64-gnu': [ '4.62.4' ],
17 silly audit   '@rollup/rollup-linux-ppc64-musl': [ '4.62.4' ],
17 silly audit   '@rollup/rollup-linux-riscv64-gnu': [ '4.62.4' ],
17 silly audit   '@rollup/rollup-linux-riscv64-musl': [ '4.62.4' ],
17 silly audit   '@rollup/rollup-linux-s390x-gnu': [ '4.62.4' ],
17 silly audit   '@rollup/rollup-linux-x64-gnu': [ '4.62.4' ],
17 silly audit   '@rollup/rollup-linux-x64-musl': [ '4.62.4' ],
17 silly audit   '@rollup/rollup-openbsd-x64': [ '4.62.4' ],
17 silly audit   '@rollup/rollup-openharmony-arm64': [ '4.62.4' ],
17 silly audit   '@rollup/rollup-win32-arm64-msvc': [ '4.62.4' ],
17 silly audit   '@rollup/rollup-win32-ia32-msvc': [ '4.62.4' ],
17 silly audit   '@rollup/rollup-win32-x64-gnu': [ '4.62.4' ],
17 silly audit   '@rollup/rollup-win32-x64-msvc': [ '4.62.4' ],
17 silly audit   '@swc/helpers': [ '0.5.15' ],
17 silly audit   '@tootallnate/once': [ '2.0.1' ],
17 silly audit   '@types/body-parser': [ '1.19.6' ],
17 silly audit   '@types/caseless': [ '0.12.5' ],
17 silly audit   '@types/connect': [ '3.4.38' ],
17 silly audit   '@types/cors': [ '2.8.19' ],
17 silly audit   '@types/estree': [ '1.0.9' ],
17 silly audit   '@types/express': [ '5.0.6' ],
17 silly audit   '@types/express-serve-static-core': [ '5.1.3' ],
17 silly audit   '@types/http-errors': [ '2.0.5' ],
17 silly audit   '@types/jsonwebtoken': [ '9.0.10' ],
17 silly audit   '@types/ms': [ '2.1.0' ],
17 silly audit   '@types/node': [ '22.20.1' ],
17 silly audit   '@types/qs': [ '6.15.1' ],
17 silly audit   '@types/range-parser': [ '1.2.7' ],
17 silly audit   '@types/react': [ '19.2.18' ],
17 silly audit   '@types/react-dom': [ '19.2.4' ],
17 silly audit   '@types/request': [ '2.48.13' ],
17 silly audit   '@types/send': [ '1.2.1' ],
17 silly audit   '@types/serve-static': [ '2.2.0' ],
17 silly audit   '@types/tough-cookie': [ '4.0.5' ],
17 silly audit   '@vitest/expect': [ '2.1.9' ],
17 silly audit   '@vitest/mocker': [ '2.1.9' ],
17 silly audit   '@vitest/pretty-format': [ '2.1.9' ],
17 silly audit   '@vitest/runner': [ '2.1.9' ],
17 silly audit   '@vitest/snapshot': [ '2.1.9' ],
17 silly audit   '@vitest/spy': [ '2.1.9' ],
17 silly audit   '@vitest/utils': [ '2.1.9' ],
17 silly audit   'abort-controller': [ '3.0.0' ],
17 silly audit   accepts: [ '2.0.0' ],
17 silly audit   'mime-db': [ '1.54.0', '1.52.0' ],
17 silly audit   'mime-types': [ '3.0.2', '2.1.35' ],
17 silly audit   'agent-base': [ '7.1.4', '6.0.2' ],
17 silly audit   anynum: [ '1.0.1' ],
17 silly audit   arrify: [ '2.0.1' ],
17 silly audit   'assertion-error': [ '2.0.1' ],
17 silly audit   'async-retry': [ '1.3.3' ],
17 silly audit   asynckit: [ '0.4.0' ],
17 silly audit   'balanced-match': [ '1.0.2' ],
17 silly audit   'base64-js': [ '1.5.1' ],
17 silly audit   'baseline-browser-mapping': [ '2.11.11' ],
17 silly audit   'bignumber.js': [ '9.3.1' ],
17 silly audit   'body-parser': [ '2.3.0' ],
17 silly audit   'content-type': [ '2.0.0', '1.0.5' ],
17 silly audit   'brace-expansion': [ '2.1.4' ],
17 silly audit   'buffer-equal-constant-time': [ '1.0.1' ],
17 silly audit   bytes: [ '3.1.2' ],
17 silly audit   cac: [ '6.7.14' ],
17 silly audit   'call-bind-apply-helpers': [ '1.0.2' ],
17 silly audit   'call-bound': [ '1.0.4' ],
17 silly audit   'caniuse-lite': [ '1.0.30001806' ],
17 silly audit   chai: [ '5.3.3' ],
17 silly audit   'check-error': [ '2.1.3' ],
17 silly audit   'client-only': [ '0.0.1' ],
17 silly audit   cliui: [ '8.0.1' ],
17 silly audit   'color-convert': [ '2.0.1' ],
17 silly audit   'color-name': [ '1.1.4' ],
17 silly audit   'combined-stream': [ '1.0.8' ],
17 silly audit   'content-disposition': [ '1.1.0' ],
17 silly audit   cookie: [ '0.7.2' ],
17 silly audit   'cookie-signature': [ '1.2.2' ],
17 silly audit   cors: [ '2.8.6' ],
17 silly audit   'cross-spawn': [ '7.0.6' ],
17 silly audit   csstype: [ '3.2.3' ],
17 silly audit   'data-uri-to-buffer': [ '4.0.1' ],
17 silly audit   debug: [ '4.4.3' ],
17 silly audit   'deep-eql': [ '5.0.2' ],
17 silly audit   'delayed-stream': [ '1.0.0' ],
17 silly audit   depd: [ '2.0.0' ],
17 silly audit   'detect-libc': [ '2.1.2' ],
17 silly audit   'dunder-proto': [ '1.0.1' ],
17 silly audit   duplexify: [ '4.1.3' ],
17 silly audit   eastasianwidth: [ '0.2.0' ],
17 silly audit   'ecdsa-sig-formatter': [ '1.0.11' ],
17 silly audit   'ee-first': [ '1.1.1' ],
17 silly audit   encodeurl: [ '2.0.0' ],
17 silly audit   'end-of-stream': [ '1.4.5' ],
17 silly audit   'es-define-property': [ '1.0.1' ],
17 silly audit   'es-errors': [ '1.3.0' ],
17 silly audit   'es-module-lexer': [ '1.7.0' ],
17 silly audit   'es-object-atoms': [ '1.1.2' ],
17 silly audit   'es-set-tostringtag': [ '2.1.0' ],
17 silly audit   esbuild: [ '0.21.5' ],
17 silly audit   escalade: [ '3.2.0' ],
17 silly audit   'escape-html': [ '1.0.3' ],
17 silly audit   'estree-walker': [ '3.0.3' ],
17 silly audit   etag: [ '1.8.1' ],
17 silly audit   'event-target-shim': [ '5.0.1' ],
17 silly audit   'expect-type': [ '1.4.0' ],
17 silly audit   express: [ '5.2.1' ],
17 silly audit   extend: [ '3.0.2' ],
17 silly audit   'fast-deep-equal': [ '3.1.3' ],
17 silly audit   'fast-xml-builder': [ '1.3.0' ],
17 silly audit   'fast-xml-parser': [ '5.10.1' ],
17 silly audit   'faye-websocket': [ '0.11.4' ],
17 silly audit   'fetch-blob': [ '3.2.0' ],
17 silly audit   finalhandler: [ '2.1.1' ],
17 silly audit   firebase: [ '12.17.0' ],
17 silly audit   'firebase-admin': [ '14.2.0' ],
17 silly audit   'firebase-functions': [ '7.3.2' ],
17 silly audit   'foreground-child': [ '3.3.1' ],
17 silly audit   'form-data': [ '2.5.6' ],
17 silly audit   'formdata-polyfill': [ '4.0.10' ],
17 silly audit   forwarded: [ '0.2.0' ],
17 silly audit   fresh: [ '2.0.0' ],
17 silly audit   fsevents: [ '2.3.3' ],
17 silly audit   'function-bind': [ '1.1.2' ],
17 silly audit   'functional-red-black-tree': [ '1.0.1' ],
17 silly audit   gaxios: [ '6.7.1', '7.3.0' ],
17 silly audit   'node-fetch': [ '3.3.2', '2.7.0' ],
17 silly audit   'get-caller-file': [ '2.0.5' ],
17 silly audit   'get-intrinsic': [ '1.3.0' ],
17 silly audit   'get-proto': [ '1.0.1' ],
17 silly audit   glob: [ '10.5.0' ],
17 silly audit   'google-gax': [ '5.0.8' ],
17 silly audit   gtoken: [ '8.0.0', '7.1.0' ],
17 silly audit   'http-proxy-agent': [ '7.0.2', '5.0.0' ],
17 silly audit   'retry-request': [ '8.0.4', '7.0.2' ],
17 silly audit   'teeny-request': [ '10.1.4', '9.0.0' ],
17 silly audit   gopd: [ '1.2.0' ],
17 silly audit   'has-symbols': [ '1.1.0' ],
17 silly audit   'has-tostringtag': [ '1.0.2' ],
17 silly audit   hasown: [ '2.0.4' ],
17 silly audit   'html-entities': [ '2.6.0' ],
17 silly audit   'http-errors': [ '2.0.1' ],
17 silly audit   'http-parser-js': [ '0.5.10' ],
17 silly audit   'https-proxy-agent': [ '7.0.6', '5.0.1' ],
17 silly audit   'iconv-lite': [ '0.7.3' ],
17 silly audit   idb: [ '7.1.1' ],
17 silly audit   inherits: [ '2.0.4' ],
17 silly audit   'ipaddr.js': [ '1.9.1' ],
17 silly audit   'is-fullwidth-code-point': [ '3.0.0' ],
17 silly audit   'is-promise': [ '4.0.0' ],
17 silly audit   'is-stream': [ '2.0.1' ],
17 silly audit   'is-unsafe': [ '2.0.0' ],
17 silly audit   isexe: [ '2.0.0' ],
17 silly audit   jackspeak: [ '3.4.3' ],
17 silly audit   jose: [ '6.2.7' ],
17 silly audit   'json-bigint': [ '1.0.0' ],
17 silly audit   jsonwebtoken: [ '9.0.3' ],
17 silly audit   jwa: [ '2.0.1' ],
17 silly audit   'jwks-rsa': [ '4.1.0' ],
17 silly audit   jws: [ '4.0.1' ],
17 silly audit   limiter: [ '1.1.5' ],
17 silly audit   'lodash.camelcase': [ '4.3.0' ],
17 silly audit   'lodash.clonedeep': [ '4.5.0' ],
17 silly audit   'lodash.includes': [ '4.3.0' ],
17 silly audit   'lodash.isboolean': [ '3.0.3' ],
17 silly audit   'lodash.isinteger': [ '4.0.4' ],
17 silly audit   'lodash.isnumber': [ '3.0.3' ],
17 silly audit   'lodash.isplainobject': [ '4.0.6' ],
17 silly audit   'lodash.isstring': [ '4.0.1' ],
17 silly audit   'lodash.once': [ '4.1.1' ],
17 silly audit   long: [ '5.3.2' ],
17 silly audit   loupe: [ '3.2.1' ],
17 silly audit   'lru-cache': [ '11.5.2', '10.4.3' ],
17 silly audit   'lru-memoizer': [ '3.0.0' ],
17 silly audit   'magic-string': [ '0.30.21' ],
17 silly audit   'math-intrinsics': [ '1.1.0' ],
17 silly audit   'media-typer': [ '1.1.1' ],
17 silly audit   'merge-descriptors': [ '2.0.0' ],
17 silly audit   mime: [ '3.0.0' ],
17 silly audit   minimatch: [ '9.0.9' ],
17 silly audit   minipass: [ '7.1.3' ],
17 silly audit   ms: [ '2.1.3' ],
17 silly audit   nanoid: [ '3.3.16' ],
17 silly audit   negotiator: [ '1.0.0' ],
17 silly audit   next: [ '16.2.12' ],
17 silly audit   'node-domexception': [ '1.0.0' ],
17 silly audit   'object-assign': [ '4.1.1' ],
17 silly audit   'object-hash': [ '3.0.0' ],
17 silly audit   'object-inspect': [ '1.13.4' ],
17 silly audit   'on-finished': [ '2.4.1' ],
17 silly audit   once: [ '1.4.0' ],
17 silly audit   'p-limit': [ '3.1.0' ],
17 silly audit   'package-json-from-dist': [ '1.0.1' ],
17 silly audit   parseurl: [ '1.3.3' ],
17 silly audit   'path-expression-matcher': [ '1.6.2' ],
17 silly audit   'path-key': [ '3.1.1' ],
17 silly audit   'path-scurry': [ '1.11.1' ],
17 silly audit   'path-to-regexp': [ '8.4.2' ],
17 silly audit   pathe: [ '1.1.2' ],
17 silly audit   pathval: [ '2.0.1' ],
17 silly audit   picocolors: [ '1.1.1' ],
17 silly audit   postcss: [ '8.4.31', '8.5.25' ],
17 silly audit   'proto3-json-serializer': [ '3.0.4' ],
17 silly audit   protobufjs: [ '7.6.5' ],
17 silly audit   'proxy-addr': [ '2.0.7' ],
17 silly audit   qs: [ '6.15.3' ],
17 silly audit   'range-parser': [ '1.3.0' ],
17 silly audit   'raw-body': [ '3.0.2' ],
17 silly audit   re2js: [ '2.8.6' ],
17 silly audit   react: [ '19.2.8' ],
17 silly audit   'react-dom': [ '19.2.8' ],
17 silly audit   'readable-stream': [ '3.6.2' ],
17 silly audit   'require-directory': [ '2.1.1' ],
17 silly audit   retry: [ '0.13.1' ],
17 silly audit   rimraf: [ '5.0.10' ],
17 silly audit   rollup: [ '4.62.4' ],
17 silly audit   router: [ '2.2.0' ],
17 silly audit   'safe-buffer': [ '5.2.1' ],
17 silly audit   'safer-buffer': [ '2.1.2' ],
17 silly audit   scheduler: [ '0.27.0' ],
17 silly audit   semver: [ '7.8.5' ],
17 silly audit   send: [ '1.2.1' ],
17 silly audit   'serve-static': [ '2.2.1' ],
17 silly audit   setprototypeof: [ '1.2.0' ],
17 silly audit   sharp: [ '0.34.5' ],
17 silly audit   'shebang-command': [ '2.0.0' ],
17 silly audit   'shebang-regex': [ '3.0.0' ],
17 silly audit   'side-channel': [ '1.1.1' ],
17 silly audit   'side-channel-list': [ '1.0.1' ],
17 silly audit   'side-channel-map': [ '1.0.1' ],
17 silly audit   'side-channel-weakmap': [ '1.0.2' ],
17 silly audit   siginfo: [ '2.0.0' ],
17 silly audit   'signal-exit': [ '4.1.0' ],
17 silly audit   'source-map-js': [ '1.2.1' ],
17 silly audit   stackback: [ '0.0.2' ],
17 silly audit   statuses: [ '2.0.2' ],
17 silly audit   'std-env': [ '3.10.0' ],
17 silly audit   'stream-events': [ '1.0.5' ],
17 silly audit   'stream-shift': [ '1.0.3' ],
17 silly audit   string_decoder: [ '1.3.0' ],
17 silly audit   strnum: [ '2.4.1' ],
17 silly audit   stubs: [ '3.0.0' ],
17 silly audit   'styled-jsx': [ '5.1.6' ],
17 silly audit   tinybench: [ '2.9.0' ],
17 silly audit   tinyexec: [ '0.3.2' ],
17 silly audit   tinypool: [ '1.1.1' ],
17 silly audit   tinyrainbow: [ '1.2.0' ],
17 silly audit   tinyspy: [ '3.0.2' ],
17 silly audit   toidentifier: [ '1.0.1' ],
17 silly audit   tr46: [ '0.0.3' ],
17 silly audit   tslib: [ '2.8.1' ],
17 silly audit   'type-is': [ '2.1.0' ],
17 silly audit   typescript: [ '5.9.3' ],
17 silly audit   'undici-types': [ '6.21.0' ],
17 silly audit   unpipe: [ '1.0.0' ],
17 silly audit   'util-deprecate': [ '1.0.2' ],
17 silly audit   uuid: [ '9.0.1' ],
17 silly audit   vary: [ '1.1.2' ],
17 silly audit   vite: [ '5.4.21' ],
17 silly audit   'vite-node': [ '2.1.9' ],
17 silly audit   vitest: [ '2.1.9' ],
17 silly audit   'web-streams-polyfill': [ '3.3.3' ],
17 silly audit   'web-vitals': [ '4.2.4' ],
17 silly audit   'webidl-conversions': [ '3.0.1' ],
17 silly audit   'websocket-driver': [ '0.7.5' ],
17 silly audit   'websocket-extensions': [ '0.1.4' ],
17 silly audit   'whatwg-url': [ '5.0.0' ],
17 silly audit   which: [ '2.0.2' ],
17 silly audit   'why-is-node-running': [ '2.3.0' ],
17 silly audit   wrappy: [ '1.0.2' ],
17 silly audit   'xml-naming': [ '0.3.0' ],
17 silly audit   y18n: [ '5.0.8' ],
17 silly audit   yargs: [ '17.7.3' ],
17 silly audit   'yargs-parser': [ '21.1.1' ],
17 silly audit   'yocto-queue': [ '0.1.0' ],
17 silly audit   zod: [ '3.25.76' ],
17 silly audit   '@mba/domain': [ '1.0.0' ]
17 silly audit }
18 http cache why-is-node-running@https://registry.npmjs.org/why-is-node-running/-/why-is-node-running-2.3.0.tgz 0ms (cache hit)
19 http cache vitest@https://registry.npmjs.org/vitest/-/vitest-2.1.9.tgz 0ms (cache hit)
20 http cache vite@https://registry.npmjs.org/vite/-/vite-5.4.21.tgz 0ms (cache hit)
21 http cache vite-node@https://registry.npmjs.org/vite-node/-/vite-node-2.1.9.tgz 0ms (cache hit)
22 http cache tinyrainbow@https://registry.npmjs.org/tinyrainbow/-/tinyrainbow-1.2.0.tgz 0ms (cache hit)
23 http cache tinyspy@https://registry.npmjs.org/tinyspy/-/tinyspy-3.0.2.tgz 0ms (cache hit)
24 http cache typescript@https://registry.npmjs.org/typescript/-/typescript-5.9.3.tgz 0ms (cache hit)
25 http cache tinypool@https://registry.npmjs.org/tinypool/-/tinypool-1.1.1.tgz 0ms (cache hit)
26 http cache std-env@https://registry.npmjs.org/std-env/-/std-env-3.10.0.tgz 0ms (cache hit)
27 http cache tinybench@https://registry.npmjs.org/tinybench/-/tinybench-2.9.0.tgz 1ms (cache hit)
28 http cache siginfo@https://registry.npmjs.org/siginfo/-/siginfo-2.0.0.tgz 0ms (cache hit)
29 http cache tinyexec@https://registry.npmjs.org/tinyexec/-/tinyexec-0.3.2.tgz 0ms (cache hit)
30 http cache rollup@https://registry.npmjs.org/rollup/-/rollup-4.62.4.tgz 0ms (cache hit)
31 http cache stackback@https://registry.npmjs.org/stackback/-/stackback-0.0.2.tgz 0ms (cache hit)
32 http cache pathe@https://registry.npmjs.org/pathe/-/pathe-1.1.2.tgz 0ms (cache hit)
33 http cache magic-string@https://registry.npmjs.org/magic-string/-/magic-string-0.30.21.tgz 0ms (cache hit)
34 http cache expect-type@https://registry.npmjs.org/expect-type/-/expect-type-1.4.0.tgz 0ms (cache hit)
35 http cache pathval@https://registry.npmjs.org/pathval/-/pathval-2.0.1.tgz 0ms (cache hit)
36 http cache loupe@https://registry.npmjs.org/loupe/-/loupe-3.2.1.tgz 0ms (cache hit)
37 http cache estree-walker@https://registry.npmjs.org/estree-walker/-/estree-walker-3.0.3.tgz 0ms (cache hit)
38 http cache esbuild@https://registry.npmjs.org/esbuild/-/esbuild-0.21.5.tgz 0ms (cache hit)
39 http cache es-module-lexer@https://registry.npmjs.org/es-module-lexer/-/es-module-lexer-1.7.0.tgz 0ms (cache hit)
40 http cache csstype@https://registry.npmjs.org/csstype/-/csstype-3.2.3.tgz 0ms (cache hit)
41 http cache deep-eql@https://registry.npmjs.org/deep-eql/-/deep-eql-5.0.2.tgz 0ms (cache hit)
42 http cache chai@https://registry.npmjs.org/chai/-/chai-5.3.3.tgz 0ms (cache hit)
43 http cache @vitest/utils@https://registry.npmjs.org/@vitest/utils/-/utils-2.1.9.tgz 0ms (cache hit)
44 http cache @vitest/snapshot@https://registry.npmjs.org/@vitest/snapshot/-/snapshot-2.1.9.tgz 0ms (cache hit)
45 http cache @vitest/spy@https://registry.npmjs.org/@vitest/spy/-/spy-2.1.9.tgz 0ms (cache hit)
46 http cache cac@https://registry.npmjs.org/cac/-/cac-6.7.14.tgz 0ms (cache hit)
47 http cache check-error@https://registry.npmjs.org/check-error/-/check-error-2.1.3.tgz 0ms (cache hit)
48 http cache assertion-error@https://registry.npmjs.org/assertion-error/-/assertion-error-2.0.1.tgz 0ms (cache hit)
49 http cache @vitest/mocker@https://registry.npmjs.org/@vitest/mocker/-/mocker-2.1.9.tgz 0ms (cache hit)
50 http cache @types/react-dom@https://registry.npmjs.org/@types/react-dom/-/react-dom-19.2.4.tgz 0ms (cache hit)
51 http cache @vitest/runner@https://registry.npmjs.org/@vitest/runner/-/runner-2.1.9.tgz 0ms (cache hit)
52 http cache @types/react@https://registry.npmjs.org/@types/react/-/react-19.2.18.tgz 0ms (cache hit)
53 http cache @vitest/expect@https://registry.npmjs.org/@vitest/expect/-/expect-2.1.9.tgz 0ms (cache hit)
54 http cache @types/estree@https://registry.npmjs.org/@types/estree/-/estree-1.0.9.tgz 0ms (cache hit)
55 http cache @vitest/pretty-format@https://registry.npmjs.org/@vitest/pretty-format/-/pretty-format-2.1.9.tgz 0ms (cache hit)
56 http cache @rollup/rollup-win32-x64-msvc@https://registry.npmjs.org/@rollup/rollup-win32-x64-msvc/-/rollup-win32-x64-msvc-4.62.4.tgz 0ms (cache hit)
57 http cache @rollup/rollup-win32-x64-gnu@https://registry.npmjs.org/@rollup/rollup-win32-x64-gnu/-/rollup-win32-x64-gnu-4.62.4.tgz 0ms (cache hit)
58 http cache @esbuild/win32-x64@https://registry.npmjs.org/@esbuild/win32-x64/-/win32-x64-0.21.5.tgz 0ms (cache hit)
59 http cache @jridgewell/sourcemap-codec@https://registry.npmjs.org/@jridgewell/sourcemap-codec/-/sourcemap-codec-1.5.5.tgz 0ms (cache hit)
60 http cache postcss@https://registry.npmjs.org/postcss/-/postcss-8.5.25.tgz 0ms (cache hit)
61 http fetch POST 200 https://registry.npmjs.org/-/npm/v1/security/advisories/bulk 366ms
62 silly audit report {
62 silly audit report   esbuild: [
62 silly audit report     {
62 silly audit report       id: 1102341,
62 silly audit report       url: 'https://github.com/advisories/GHSA-67mh-4wv8-2f99',
62 silly audit report       title: 'esbuild enables any website to send any requests to the development server and read the response',
62 silly audit report       severity: 'moderate',
62 silly audit report       vulnerable_versions: '<=0.24.2',
62 silly audit report       cwe: [Array],
62 silly audit report       cvss: [Object]
62 silly audit report     }
62 silly audit report   ],
62 silly audit report   postcss: [
62 silly audit report     {
62 silly audit report       id: 1117015,
62 silly audit report       url: 'https://github.com/advisories/GHSA-qx2v-qp2m-jg93',
62 silly audit report       title: 'PostCSS has XSS via Unescaped </style> in its CSS Stringify Output',
62 silly audit report       severity: 'moderate',
62 silly audit report       vulnerable_versions: '<8.5.10',
62 silly audit report       cwe: [Array],
62 silly audit report       cvss: [Object]
62 silly audit report     },
62 silly audit report     {
62 silly audit report       id: 1124252,
62 silly audit report       url: 'https://github.com/advisories/GHSA-6g55-p6wh-862q',
62 silly audit report       title: 'PostCSS: Arbitrary file read and information disclosure via attacker-controlled sourceMappingURL in CSS comments',
62 silly audit report       severity: 'high',
62 silly audit report       vulnerable_versions: '<=8.5.11',
62 silly audit report       cwe: [Array],
62 silly audit report       cvss: [Object]
62 silly audit report     },
62 silly audit report     {
62 silly audit report       id: 1124288,
62 silly audit report       url: 'https://github.com/advisories/GHSA-r28c-9q8g-f849',
62 silly audit report       title: 'PostCSS: Path Traversal in Previous Source Map Auto-Loading (sourceMappingURL) leads to Arbitrary .map File Disclosure',
62 silly audit report       severity: 'high',
62 silly audit report       vulnerable_versions: '<=8.5.17',
62 silly audit report       cwe: [Array],
62 silly audit report       cvss: [Object]
62 silly audit report     }
62 silly audit report   ],
62 silly audit report   sharp: [
62 silly audit report     {
62 silly audit report       id: 1124066,
62 silly audit report       url: 'https://github.com/advisories/GHSA-f88m-g3jw-g9cj',
62 silly audit report       title: 'sharp inherited vulnerabilities in libvips: CVE-2026-33327, CVE-2026-33328, CVE-2026-35590, CVE-2026-35591',
62 silly audit report       severity: 'high',
62 silly audit report       vulnerable_versions: '<0.35.0',
62 silly audit report       cwe: [Array],
62 silly audit report       cvss: [Object]
62 silly audit report     }
62 silly audit report   ],
62 silly audit report   uuid: [
62 silly audit report     {
62 silly audit report       id: 1119441,
62 silly audit report       url: 'https://github.com/advisories/GHSA-w5hq-g745-h8pq',
62 silly audit report       title: 'uuid: Missing buffer bounds check in v3/v5/v6 when buf is provided',
62 silly audit report       severity: 'moderate',
62 silly audit report       vulnerable_versions: '<11.1.1',
62 silly audit report       cwe: [Array],
62 silly audit report       cvss: [Object]
62 silly audit report     }
62 silly audit report   ],
62 silly audit report   vite: [
62 silly audit report     {
62 silly audit report       id: 1120784,
62 silly audit report       url: 'https://github.com/advisories/GHSA-v6wh-96g9-6wx3',
62 silly audit report       title: 'launch-editor: NTLMv2 hash disclosure via UNC path handling on Windows',
62 silly audit report       severity: 'moderate',
62 silly audit report       vulnerable_versions: '<=6.4.2',
62 silly audit report       cwe: [Array],
62 silly audit report       cvss: [Object]
62 silly audit report     },
62 silly audit report     {
62 silly audit report       id: 1116229,
62 silly audit report       url: 'https://github.com/advisories/GHSA-4w7w-66w2-5vf9',
62 silly audit report       title: 'Vite Vulnerable to Path Traversal in Optimized Deps `.map` Handling',
62 silly audit report       severity: 'moderate',
62 silly audit report       vulnerable_versions: '<=6.4.1',
62 silly audit report       cwe: [Array],
62 silly audit report       cvss: [Object]
62 silly audit report     },
62 silly audit report     {
62 silly audit report       id: 1123525,
62 silly audit report       url: 'https://github.com/advisories/GHSA-fx2h-pf6j-xcff',
62 silly audit report       title: 'vite: `server.fs.deny` bypass on Windows alternate paths',
62 silly audit report       severity: 'high',
62 silly audit report       vulnerable_versions: '<=6.4.2',
62 silly audit report       cwe: [Array],
62 silly audit report       cvss: [Object]
62 silly audit report     }
62 silly audit report   ],
62 silly audit report   vitest: [
62 silly audit report     {
62 silly audit report       id: 1120126,
62 silly audit report       url: 'https://github.com/advisories/GHSA-5xrq-8626-4rwp',
62 silly audit report       title: 'When Vitest UI server is listening, arbitrary file can be read and executed',
62 silly audit report       severity: 'critical',
62 silly audit report       vulnerable_versions: '<3.2.6',
62 silly audit report       cwe: [Array],
62 silly audit report       cvss: [Object]
62 silly audit report     }
62 silly audit report   ]
62 silly audit report }
63 silly packumentCache corgi:https://registry.npmjs.org/esbuild cache-miss
64 silly packumentCache corgi:https://registry.npmjs.org/postcss cache-miss
65 silly packumentCache corgi:https://registry.npmjs.org/sharp cache-miss
66 silly packumentCache corgi:https://registry.npmjs.org/uuid cache-miss
67 silly packumentCache corgi:https://registry.npmjs.org/vite cache-miss
68 silly packumentCache corgi:https://registry.npmjs.org/vitest cache-miss
69 http fetch GET 200 https://registry.npmjs.org/esbuild 49ms (cache revalidated)
70 silly packumentCache corgi:https://registry.npmjs.org/esbuild set size:887361 disposed:false
71 http fetch GET 200 https://registry.npmjs.org/postcss 63ms (cache revalidated)
72 silly packumentCache corgi:https://registry.npmjs.org/postcss set size:354683 disposed:false
73 http fetch GET 200 https://registry.npmjs.org/uuid 66ms (cache revalidated)
74 silly packumentCache corgi:https://registry.npmjs.org/uuid set size:82973 disposed:false
75 http fetch GET 200 https://registry.npmjs.org/sharp 68ms (cache revalidated)
76 silly packumentCache corgi:https://registry.npmjs.org/sharp set size:291503 disposed:false
77 http fetch GET 200 https://registry.npmjs.org/vitest 72ms (cache revalidated)
78 silly packumentCache corgi:https://registry.npmjs.org/vitest set size:1264033 disposed:false
79 http fetch GET 200 https://registry.npmjs.org/vite 283ms (cache revalidated)
80 silly packumentCache corgi:https://registry.npmjs.org/vite set size:2291880 disposed:false
81 silly packumentCache corgi:https://registry.npmjs.org/next cache-miss
82 http cache https://registry.npmjs.org/next 54ms (cache hit)
83 silly packumentCache corgi:https://registry.npmjs.org/next set size:25415748 disposed:false
84 silly packumentCache corgi:https://registry.npmjs.org/gaxios cache-miss
85 silly packumentCache corgi:https://registry.npmjs.org/teeny-request cache-miss
86 http fetch GET 200 https://registry.npmjs.org/teeny-request 33ms (cache revalidated)
87 silly packumentCache corgi:https://registry.npmjs.org/teeny-request set size:101034 disposed:false
88 http fetch GET 200 https://registry.npmjs.org/gaxios 39ms (cache revalidated)
89 silly packumentCache corgi:https://registry.npmjs.org/gaxios set size:202687 disposed:false
90 silly packumentCache corgi:https://registry.npmjs.org/@vitest%2fmocker cache-miss
91 silly packumentCache corgi:https://registry.npmjs.org/vite-node cache-miss
92 http fetch GET 200 https://registry.npmjs.org/@vitest%2fmocker 33ms (cache revalidated)
93 silly packumentCache corgi:https://registry.npmjs.org/@vitest%2fmocker set size:123096 disposed:false
94 info run esbuild@0.21.5 postinstall node_modules/esbuild node install.js
95 http fetch GET 200 https://registry.npmjs.org/vite-node 247ms (cache revalidated)
96 silly packumentCache corgi:https://registry.npmjs.org/vite-node set size:453359 disposed:false
97 silly packumentCache corgi:https://registry.npmjs.org/@google-cloud%2fstorage cache-miss
98 silly packumentCache corgi:https://registry.npmjs.org/retry-request cache-miss
99 http fetch GET 200 https://registry.npmjs.org/retry-request 241ms (cache revalidated)
100 silly packumentCache corgi:https://registry.npmjs.org/retry-request set size:43443 disposed:false
101 http fetch GET 200 https://registry.npmjs.org/@google-cloud%2fstorage 499ms (cache revalidated)
102 silly packumentCache corgi:https://registry.npmjs.org/@google-cloud%2fstorage set size:479910 disposed:false
103 silly packumentCache corgi:https://registry.npmjs.org/gcp-metadata cache-miss
104 silly packumentCache corgi:https://registry.npmjs.org/google-auth-library cache-miss
105 silly packumentCache corgi:https://registry.npmjs.org/gtoken cache-miss
106 http fetch GET 200 https://registry.npmjs.org/gtoken 18ms (cache revalidated)
107 silly packumentCache corgi:https://registry.npmjs.org/gtoken set size:74319 disposed:false
108 http fetch GET 200 https://registry.npmjs.org/google-auth-library 26ms (cache revalidated)
109 silly packumentCache corgi:https://registry.npmjs.org/google-auth-library set size:373596 disposed:false
110 http fetch GET 200 https://registry.npmjs.org/gcp-metadata 28ms (cache revalidated)
111 silly packumentCache corgi:https://registry.npmjs.org/gcp-metadata set size:90637 disposed:false
112 silly packumentCache corgi:https://registry.npmjs.org/firebase-admin cache-miss
113 http fetch GET 200 https://registry.npmjs.org/firebase-admin 20ms (cache revalidated)
114 silly packumentCache corgi:https://registry.npmjs.org/firebase-admin set size:349635 disposed:false
115 silly packumentCache corgi:https://registry.npmjs.org/firebase-functions cache-miss
116 http fetch GET 200 https://registry.npmjs.org/firebase-functions 20ms (cache revalidated)
117 silly packumentCache corgi:https://registry.npmjs.org/firebase-functions set size:318319 disposed:false
118 info run esbuild@0.21.5 postinstall { code: 0, signal: null }
119 silly ADD node_modules/why-is-node-running
120 silly ADD node_modules/vitest
121 silly ADD node_modules/vite-node
122 silly ADD node_modules/vite
123 silly ADD node_modules/vite/node_modules/postcss
124 silly ADD node_modules/typescript
125 silly ADD node_modules/tinyspy
126 silly ADD node_modules/tinyrainbow
127 silly ADD node_modules/tinypool
128 silly ADD node_modules/tinyexec
129 silly ADD node_modules/tinybench
130 silly ADD node_modules/std-env
131 silly ADD node_modules/stackback
132 silly ADD node_modules/siginfo
133 silly ADD node_modules/rollup
134 silly ADD node_modules/pathval
135 silly ADD node_modules/pathe
136 silly ADD node_modules/magic-string
137 silly ADD node_modules/loupe
138 silly ADD node_modules/expect-type
139 silly ADD node_modules/estree-walker
140 silly ADD node_modules/esbuild
141 silly ADD node_modules/es-module-lexer
142 silly ADD node_modules/deep-eql
143 silly ADD node_modules/csstype
144 silly ADD node_modules/check-error
145 silly ADD node_modules/chai
146 silly ADD node_modules/cac
147 silly ADD node_modules/assertion-error
148 silly ADD node_modules/@vitest/utils
149 silly ADD node_modules/@vitest/spy
150 silly ADD node_modules/@vitest/snapshot
151 silly ADD node_modules/@vitest/runner
152 silly ADD node_modules/@vitest/pretty-format
153 silly ADD node_modules/@vitest/mocker
154 silly ADD node_modules/@vitest/expect
155 silly ADD node_modules/@types/react-dom
156 silly ADD node_modules/@types/react
157 silly ADD node_modules/@types/estree
158 silly ADD node_modules/@rollup/rollup-win32-x64-msvc
159 silly ADD node_modules/@rollup/rollup-win32-x64-gnu
160 silly ADD node_modules/@jridgewell/sourcemap-codec
161 silly ADD node_modules/@esbuild/win32-x64
162 verbose cwd C:\Users\vedsp\Desktop\MBA dashboard
163 verbose os Windows_NT 10.0.26200
164 verbose node v24.13.0
165 verbose npm  v11.6.2
166 verbose exit 0
167 info ok
