0 verbose cli C:\Program Files\nodejs\node.exe C:\Program Files\nodejs\node_modules\npm\bin\npm-cli.js
1 info using npm@11.6.2
2 info using node@v24.13.0
3 silly config load:file:C:\Program Files\nodejs\node_modules\npm\npmrc
4 silly config load:file:C:\Users\vedsp\Desktop\MBA dashboard\.npmrc
5 silly config load:file:C:\Users\vedsp\.npmrc
6 silly config load:file:C:\Users\vedsp\AppData\Roaming\npm\etc\npmrc
7 verbose title npm audit
8 verbose argv "audit" "--omit" "dev" "--json" "--cache" ".npm-cache"
9 verbose logfile logs-max:10 dir:C:\Users\vedsp\Desktop\MBA dashboard\.npm-cache\_logs\2026-08-02T20_24_07_922Z-
10 verbose logfile C:\Users\vedsp\Desktop\MBA dashboard\.npm-cache\_logs\2026-08-02T20_24_07_922Z-debug-0.log
11 silly logfile done cleaning log files
12 silly packumentCache heap:4496293888 maxSize:1124073472 maxEntrySize:562036736
13 silly audit bulk request {
13 silly audit   '@mba/web': [ '1.0.0' ],
13 silly audit   '@mba/functions': [ '1.0.0' ],
13 silly audit   '@google-cloud/firestore': [ '8.7.0', '7.11.6' ],
13 silly audit   '@grpc/proto-loader': [ '0.8.1', '0.7.15' ],
13 silly audit   'firebase-admin': [ '14.2.0', '13.10.0' ],
13 silly audit   gaxios: [ '7.3.0', '6.7.1' ],
13 silly audit   'google-gax': [ '5.0.8', '4.6.1' ],
13 silly audit   'google-auth-library': [ '10.5.0', '9.15.1', '10.9.1' ],
13 silly audit   gtoken: [ '8.0.0', '7.1.0' ],
13 silly audit   'http-proxy-agent': [ '7.0.2', '5.0.0' ],
13 silly audit   jose: [ '6.2.7', '4.15.9' ],
13 silly audit   'jwks-rsa': [ '4.1.0', '3.2.2' ],
13 silly audit   'lru-cache': [ '11.5.2', '6.0.0', '10.4.3' ],
13 silly audit   'lru-memoizer': [ '3.0.0', '2.3.0' ],
13 silly audit   'node-fetch': [ '3.3.2', '2.7.0' ],
13 silly audit   'proto3-json-serializer': [ '3.0.4', '2.0.2' ],
13 silly audit   'retry-request': [ '8.0.4', '7.0.2' ],
13 silly audit   'teeny-request': [ '10.1.4', '9.0.0' ],
13 silly audit   '@emnapi/runtime': [ '1.11.3' ],
13 silly audit   '@fastify/busboy': [ '3.2.0' ],
13 silly audit   '@firebase/ai': [ '2.14.0' ],
13 silly audit   '@firebase/analytics': [ '0.10.23' ],
13 silly audit   '@firebase/analytics-compat': [ '0.2.29' ],
13 silly audit   '@firebase/analytics-types': [ '0.8.4' ],
13 silly audit   '@firebase/app': [ '0.16.0' ],
13 silly audit   '@firebase/app-check': [ '0.13.0' ],
13 silly audit   '@firebase/app-check-compat': [ '0.4.6' ],
13 silly audit   '@firebase/app-check-interop-types': [ '0.3.4' ],
13 silly audit   '@firebase/app-check-types': [ '0.5.4' ],
13 silly audit   '@firebase/app-compat': [ '0.5.16' ],
13 silly audit   '@firebase/app-types': [ '0.9.5' ],
13 silly audit   '@firebase/auth': [ '1.13.4' ],
13 silly audit   '@firebase/auth-compat': [ '0.6.9' ],
13 silly audit   '@firebase/auth-interop-types': [ '0.2.5' ],
13 silly audit   '@firebase/auth-types': [ '0.13.1' ],
13 silly audit   '@firebase/component': [ '0.7.4' ],
13 silly audit   '@firebase/data-connect': [ '0.7.2' ],
13 silly audit   '@firebase/database': [ '1.1.4' ],
13 silly audit   '@firebase/database-compat': [ '2.1.5' ],
13 silly audit   '@firebase/database-types': [ '1.0.21' ],
13 silly audit   '@firebase/firestore': [ '4.17.0' ],
13 silly audit   '@firebase/firestore-compat': [ '0.4.12' ],
13 silly audit   '@firebase/firestore-types': [ '3.0.4' ],
13 silly audit   '@grpc/grpc-js': [ '1.9.16', '1.14.4' ],
13 silly audit   '@firebase/functions': [ '0.13.6' ],
13 silly audit   '@firebase/functions-compat': [ '0.4.6' ],
13 silly audit   '@firebase/functions-types': [ '0.6.4' ],
13 silly audit   '@firebase/installations': [ '0.6.23' ],
13 silly audit   '@firebase/installations-compat': [ '0.2.23' ],
13 silly audit   '@firebase/installations-types': [ '0.5.4' ],
13 silly audit   '@firebase/logger': [ '0.5.1' ],
13 silly audit   '@firebase/messaging': [ '0.13.1' ],
13 silly audit   '@firebase/messaging-compat': [ '0.2.28' ],
13 silly audit   '@firebase/messaging-interop-types': [ '0.2.5' ],
13 silly audit   '@firebase/performance': [ '0.7.13' ],
13 silly audit   '@firebase/performance-compat': [ '0.2.26' ],
13 silly audit   '@firebase/performance-types': [ '0.2.4' ],
13 silly audit   '@firebase/remote-config': [ '0.9.1' ],
13 silly audit   '@firebase/remote-config-compat': [ '0.2.28' ],
13 silly audit   '@firebase/remote-config-types': [ '0.5.1' ],
13 silly audit   '@firebase/storage': [ '0.14.4' ],
13 silly audit   '@firebase/storage-compat': [ '0.4.4' ],
13 silly audit   '@firebase/storage-types': [ '0.8.4' ],
13 silly audit   '@firebase/util': [ '1.15.2' ],
13 silly audit   '@firebase/webchannel-wrapper': [ '1.0.6' ],
13 silly audit   '@google-cloud/paginator': [ '5.0.2' ],
13 silly audit   '@google-cloud/projectify': [ '4.0.0' ],
13 silly audit   '@google-cloud/promisify': [ '4.0.0' ],
13 silly audit   '@google-cloud/storage': [ '7.21.0' ],
13 silly audit   'gcp-metadata': [ '6.1.1', '8.1.2' ],
13 silly audit   'google-logging-utils': [ '0.0.2', '1.1.3' ],
13 silly audit   '@img/colour': [ '1.1.0' ],
13 silly audit   '@img/sharp-darwin-arm64': [ '0.34.5' ],
13 silly audit   '@img/sharp-darwin-x64': [ '0.34.5' ],
13 silly audit   '@img/sharp-libvips-darwin-arm64': [ '1.2.4' ],
13 silly audit   '@img/sharp-libvips-darwin-x64': [ '1.2.4' ],
13 silly audit   '@img/sharp-libvips-linux-arm': [ '1.2.4' ],
13 silly audit   '@img/sharp-libvips-linux-arm64': [ '1.2.4' ],
13 silly audit   '@img/sharp-libvips-linux-ppc64': [ '1.2.4' ],
13 silly audit   '@img/sharp-libvips-linux-riscv64': [ '1.2.4' ],
13 silly audit   '@img/sharp-libvips-linux-s390x': [ '1.2.4' ],
13 silly audit   '@img/sharp-libvips-linux-x64': [ '1.2.4' ],
13 silly audit   '@img/sharp-libvips-linuxmusl-arm64': [ '1.2.4' ],
13 silly audit   '@img/sharp-libvips-linuxmusl-x64': [ '1.2.4' ],
13 silly audit   '@img/sharp-linux-arm': [ '0.34.5' ],
13 silly audit   '@img/sharp-linux-arm64': [ '0.34.5' ],
13 silly audit   '@img/sharp-linux-ppc64': [ '0.34.5' ],
13 silly audit   '@img/sharp-linux-riscv64': [ '0.34.5' ],
13 silly audit   '@img/sharp-linux-s390x': [ '0.34.5' ],
13 silly audit   '@img/sharp-linux-x64': [ '0.34.5' ],
13 silly audit   '@img/sharp-linuxmusl-arm64': [ '0.34.5' ],
13 silly audit   '@img/sharp-linuxmusl-x64': [ '0.34.5' ],
13 silly audit   '@img/sharp-wasm32': [ '0.34.5' ],
13 silly audit   '@img/sharp-win32-arm64': [ '0.34.5' ],
13 silly audit   '@img/sharp-win32-ia32': [ '0.34.5' ],
13 silly audit   '@img/sharp-win32-x64': [ '0.34.5' ],
13 silly audit   '@isaacs/cliui': [ '8.0.2' ],
13 silly audit   'ansi-regex': [ '6.2.2', '5.0.1' ],
13 silly audit   'ansi-styles': [ '6.2.3', '4.3.0' ],
13 silly audit   'emoji-regex': [ '9.2.2', '8.0.0' ],
13 silly audit   'string-width': [ '5.1.2', '4.2.3' ],
13 silly audit   'strip-ansi': [ '7.2.0', '6.0.1' ],
13 silly audit   'wrap-ansi': [ '8.1.0', '7.0.0' ],
13 silly audit   '@js-sdsl/ordered-map': [ '4.4.2' ],
13 silly audit   '@next/env': [ '16.2.12' ],
13 silly audit   '@next/swc-darwin-arm64': [ '16.2.12' ],
13 silly audit   '@next/swc-darwin-x64': [ '16.2.12' ],
13 silly audit   '@next/swc-linux-arm64-gnu': [ '16.2.12' ],
13 silly audit   '@next/swc-linux-arm64-musl': [ '16.2.12' ],
13 silly audit   '@next/swc-linux-x64-gnu': [ '16.2.12' ],
13 silly audit   '@next/swc-linux-x64-musl': [ '16.2.12' ],
13 silly audit   '@next/swc-win32-arm64-msvc': [ '16.2.12' ],
13 silly audit   '@next/swc-win32-x64-msvc': [ '16.2.12' ],
13 silly audit   '@nodable/entities': [ '3.0.0' ],
13 silly audit   '@pkgjs/parseargs': [ '0.11.0' ],
13 silly audit   '@protobufjs/aspromise': [ '1.1.2' ],
13 silly audit   '@protobufjs/base64': [ '1.1.2' ],
13 silly audit   '@protobufjs/codegen': [ '2.0.5' ],
13 silly audit   '@protobufjs/eventemitter': [ '1.1.1' ],
13 silly audit   '@protobufjs/fetch': [ '1.1.1' ],
13 silly audit   '@protobufjs/float': [ '1.0.2' ],
13 silly audit   '@protobufjs/path': [ '1.1.2' ],
13 silly audit   '@protobufjs/pool': [ '1.1.0' ],
13 silly audit   '@protobufjs/utf8': [ '1.1.2' ],
13 silly audit   '@swc/helpers': [ '0.5.15' ],
13 silly audit   '@tootallnate/once': [ '2.0.1' ],
13 silly audit   '@types/body-parser': [ '1.19.6' ],
13 silly audit   '@types/caseless': [ '0.12.5' ],
13 silly audit   '@types/connect': [ '3.4.38' ],
13 silly audit   '@types/cors': [ '2.8.19' ],
13 silly audit   '@types/express': [ '5.0.6' ],
13 silly audit   '@types/express-serve-static-core': [ '5.1.3' ],
13 silly audit   '@types/http-errors': [ '2.0.5' ],
13 silly audit   '@types/jsonwebtoken': [ '9.0.10' ],
13 silly audit   '@types/long': [ '4.0.2' ],
13 silly audit   '@types/ms': [ '2.1.0' ],
13 silly audit   '@types/node': [ '22.20.1' ],
13 silly audit   '@types/qs': [ '6.15.1' ],
13 silly audit   '@types/range-parser': [ '1.2.7' ],
13 silly audit   '@types/request': [ '2.48.13' ],
13 silly audit   '@types/send': [ '1.2.1' ],
13 silly audit   '@types/serve-static': [ '2.2.0' ],
13 silly audit   '@types/tough-cookie': [ '4.0.5' ],
13 silly audit   'abort-controller': [ '3.0.0' ],
13 silly audit   accepts: [ '2.0.0' ],
13 silly audit   'mime-db': [ '1.54.0', '1.52.0' ],
13 silly audit   'mime-types': [ '3.0.2', '2.1.35' ],
13 silly audit   'agent-base': [ '7.1.4', '6.0.2' ],
13 silly audit   anynum: [ '1.0.1' ],
13 silly audit   arrify: [ '2.0.1' ],
13 silly audit   'async-retry': [ '1.3.3' ],
13 silly audit   asynckit: [ '0.4.0' ],
13 silly audit   'balanced-match': [ '1.0.2' ],
13 silly audit   'base64-js': [ '1.5.1' ],
13 silly audit   'baseline-browser-mapping': [ '2.11.11' ],
13 silly audit   'bignumber.js': [ '9.3.1' ],
13 silly audit   'body-parser': [ '2.3.0' ],
13 silly audit   'content-type': [ '2.0.0', '1.0.5' ],
13 silly audit   'brace-expansion': [ '2.1.4' ],
13 silly audit   'buffer-equal-constant-time': [ '1.0.1' ],
13 silly audit   bytes: [ '3.1.2' ],
13 silly audit   'call-bind-apply-helpers': [ '1.0.2' ],
13 silly audit   'call-bound': [ '1.0.4' ],
13 silly audit   'caniuse-lite': [ '1.0.30001806' ],
13 silly audit   'client-only': [ '0.0.1' ],
13 silly audit   cliui: [ '8.0.1' ],
13 silly audit   'color-convert': [ '2.0.1' ],
13 silly audit   'color-name': [ '1.1.4' ],
13 silly audit   'combined-stream': [ '1.0.8' ],
13 silly audit   'content-disposition': [ '1.1.0' ],
13 silly audit   cookie: [ '0.7.2' ],
13 silly audit   'cookie-signature': [ '1.2.2' ],
13 silly audit   cors: [ '2.8.6' ],
13 silly audit   'cross-spawn': [ '7.0.6' ],
13 silly audit   'data-uri-to-buffer': [ '4.0.1' ],
13 silly audit   debug: [ '4.4.3' ],
13 silly audit   'delayed-stream': [ '1.0.0' ],
13 silly audit   depd: [ '2.0.0' ],
13 silly audit   'detect-libc': [ '2.1.2' ],
13 silly audit   'dunder-proto': [ '1.0.1' ],
13 silly audit   duplexify: [ '4.1.3' ],
13 silly audit   eastasianwidth: [ '0.2.0' ],
13 silly audit   'ecdsa-sig-formatter': [ '1.0.11' ],
13 silly audit   'ee-first': [ '1.1.1' ],
13 silly audit   encodeurl: [ '2.0.0' ],
13 silly audit   'end-of-stream': [ '1.4.5' ],
13 silly audit   'es-define-property': [ '1.0.1' ],
13 silly audit   'es-errors': [ '1.3.0' ],
13 silly audit   'es-object-atoms': [ '1.1.2' ],
13 silly audit   'es-set-tostringtag': [ '2.1.0' ],
13 silly audit   escalade: [ '3.2.0' ],
13 silly audit   'escape-html': [ '1.0.3' ],
13 silly audit   etag: [ '1.8.1' ],
13 silly audit   'event-target-shim': [ '5.0.1' ],
13 silly audit   express: [ '5.2.1' ],
13 silly audit   extend: [ '3.0.2' ],
13 silly audit   'farmhash-modern': [ '1.1.0' ],
13 silly audit   'fast-deep-equal': [ '3.1.3' ],
13 silly audit   'fast-xml-builder': [ '1.3.0' ],
13 silly audit   'fast-xml-parser': [ '5.10.1' ],
13 silly audit   'faye-websocket': [ '0.11.4' ],
13 silly audit   'fetch-blob': [ '3.2.0' ],
13 silly audit   finalhandler: [ '2.1.1' ],
13 silly audit   firebase: [ '12.17.0' ],
13 silly audit   'firebase-functions': [ '7.3.2' ],
13 silly audit   'foreground-child': [ '3.3.1' ],
13 silly audit   'form-data': [ '2.5.6' ],
13 silly audit   'formdata-polyfill': [ '4.0.10' ],
13 silly audit   forwarded: [ '0.2.0' ],
13 silly audit   fresh: [ '2.0.0' ],
13 silly audit   'function-bind': [ '1.1.2' ],
13 silly audit   'functional-red-black-tree': [ '1.0.1' ],
13 silly audit   'get-caller-file': [ '2.0.5' ],
13 silly audit   'get-intrinsic': [ '1.3.0' ],
13 silly audit   'get-proto': [ '1.0.1' ],
13 silly audit   glob: [ '10.5.0' ],
13 silly audit   gopd: [ '1.2.0' ],
13 silly audit   'has-symbols': [ '1.1.0' ],
13 silly audit   'has-tostringtag': [ '1.0.2' ],
13 silly audit   hasown: [ '2.0.4' ],
13 silly audit   'html-entities': [ '2.6.0' ],
13 silly audit   'http-errors': [ '2.0.1' ],
13 silly audit   'http-parser-js': [ '0.5.10' ],
13 silly audit   'https-proxy-agent': [ '7.0.6', '5.0.1' ],
13 silly audit   'iconv-lite': [ '0.7.3' ],
13 silly audit   idb: [ '7.1.1' ],
13 silly audit   inherits: [ '2.0.4' ],
13 silly audit   'ipaddr.js': [ '1.9.1' ],
13 silly audit   'is-fullwidth-code-point': [ '3.0.0' ],
13 silly audit   'is-promise': [ '4.0.0' ],
13 silly audit   'is-stream': [ '2.0.1' ],
13 silly audit   'is-unsafe': [ '2.0.0' ],
13 silly audit   isexe: [ '2.0.0' ],
13 silly audit   jackspeak: [ '3.4.3' ],
13 silly audit   'json-bigint': [ '1.0.0' ],
13 silly audit   jsonwebtoken: [ '9.0.3' ],
13 silly audit   jwa: [ '2.0.1' ],
13 silly audit   jws: [ '4.0.1' ],
13 silly audit   limiter: [ '1.1.5' ],
13 silly audit   'lodash.camelcase': [ '4.3.0' ],
13 silly audit   'lodash.clonedeep': [ '4.5.0' ],
13 silly audit   'lodash.includes': [ '4.3.0' ],
13 silly audit   'lodash.isboolean': [ '3.0.3' ],
13 silly audit   'lodash.isinteger': [ '4.0.4' ],
13 silly audit   'lodash.isnumber': [ '3.0.3' ],
13 silly audit   'lodash.isplainobject': [ '4.0.6' ],
13 silly audit   'lodash.isstring': [ '4.0.1' ],
13 silly audit   'lodash.once': [ '4.1.1' ],
13 silly audit   long: [ '5.3.2' ],
13 silly audit   'math-intrinsics': [ '1.1.0' ],
13 silly audit   'media-typer': [ '1.1.1' ],
13 silly audit   'merge-descriptors': [ '2.0.0' ],
13 silly audit   mime: [ '3.0.0' ],
13 silly audit   minimatch: [ '9.0.9' ],
13 silly audit   minipass: [ '7.1.3' ],
13 silly audit   ms: [ '2.1.3' ],
13 silly audit   nanoid: [ '3.3.16' ],
13 silly audit   negotiator: [ '1.0.0' ],
13 silly audit   next: [ '16.2.12' ],
13 silly audit   'node-domexception': [ '1.0.0' ],
13 silly audit   'object-assign': [ '4.1.1' ],
13 silly audit   'object-hash': [ '3.0.0' ],
13 silly audit   'object-inspect': [ '1.13.4' ],
13 silly audit   'on-finished': [ '2.4.1' ],
13 silly audit   once: [ '1.4.0' ],
13 silly audit   'p-limit': [ '3.1.0' ],
13 silly audit   'package-json-from-dist': [ '1.0.1' ],
13 silly audit   parseurl: [ '1.3.3' ],
13 silly audit   'path-expression-matcher': [ '1.6.2' ],
13 silly audit   'path-key': [ '3.1.1' ],
13 silly audit   'path-scurry': [ '1.11.1' ],
13 silly audit   'path-to-regexp': [ '8.4.2' ],
13 silly audit   picocolors: [ '1.1.1' ],
13 silly audit   postcss: [ '8.4.31' ],
13 silly audit   protobufjs: [ '7.6.5' ],
13 silly audit   'proxy-addr': [ '2.0.7' ],
13 silly audit   qs: [ '6.15.3' ],
13 silly audit   'range-parser': [ '1.3.0' ],
13 silly audit   'raw-body': [ '3.0.2' ],
13 silly audit   re2js: [ '2.8.6' ],
13 silly audit   react: [ '19.2.8' ],
13 silly audit   'react-dom': [ '19.2.8' ],
13 silly audit   'readable-stream': [ '3.6.2' ],
13 silly audit   'require-directory': [ '2.1.1' ],
13 silly audit   retry: [ '0.13.1' ],
13 silly audit   rimraf: [ '5.0.10' ],
13 silly audit   router: [ '2.2.0' ],
13 silly audit   'safe-buffer': [ '5.2.1' ],
13 silly audit   'safer-buffer': [ '2.1.2' ],
13 silly audit   scheduler: [ '0.27.0' ],
13 silly audit   semver: [ '7.8.5' ],
13 silly audit   send: [ '1.2.1' ],
13 silly audit   'serve-static': [ '2.2.1' ],
13 silly audit   setprototypeof: [ '1.2.0' ],
13 silly audit   sharp: [ '0.34.5' ],
13 silly audit   'shebang-command': [ '2.0.0' ],
13 silly audit   'shebang-regex': [ '3.0.0' ],
13 silly audit   'side-channel': [ '1.1.1' ],
13 silly audit   'side-channel-list': [ '1.0.1' ],
13 silly audit   'side-channel-map': [ '1.0.1' ],
13 silly audit   'side-channel-weakmap': [ '1.0.2' ],
13 silly audit   'signal-exit': [ '4.1.0' ],
13 silly audit   'source-map-js': [ '1.2.1' ],
13 silly audit   statuses: [ '2.0.2' ],
13 silly audit   'stream-events': [ '1.0.5' ],
13 silly audit   'stream-shift': [ '1.0.3' ],
13 silly audit   string_decoder: [ '1.3.0' ],
13 silly audit   strnum: [ '2.4.1' ],
13 silly audit   stubs: [ '3.0.0' ],
13 silly audit   'styled-jsx': [ '5.1.6' ],
13 silly audit   toidentifier: [ '1.0.1' ],
13 silly audit   tr46: [ '0.0.3' ],
13 silly audit   tslib: [ '2.8.1' ],
13 silly audit   'type-is': [ '2.1.0' ],
13 silly audit   'undici-types': [ '6.21.0' ],
13 silly audit   unpipe: [ '1.0.0' ],
13 silly audit   'util-deprecate': [ '1.0.2' ],
13 silly audit   uuid: [ '9.0.1' ],
13 silly audit   vary: [ '1.1.2' ],
13 silly audit   'web-streams-polyfill': [ '3.3.3' ],
13 silly audit   'web-vitals': [ '4.2.4' ],
13 silly audit   'webidl-conversions': [ '3.0.1' ],
13 silly audit   'websocket-driver': [ '0.7.5' ],
13 silly audit   'websocket-extensions': [ '0.1.4' ],
13 silly audit   'whatwg-url': [ '5.0.0' ],
13 silly audit   which: [ '2.0.2' ],
13 silly audit   wrappy: [ '1.0.2' ],
13 silly audit   'xml-naming': [ '0.3.0' ],
13 silly audit   y18n: [ '5.0.8' ],
13 silly audit   yallist: [ '4.0.0' ],
13 silly audit   yargs: [ '17.7.3' ],
13 silly audit   'yargs-parser': [ '21.1.1' ],
13 silly audit   'yocto-queue': [ '0.1.0' ],
13 silly audit   zod: [ '3.25.76' ],
13 silly audit   '@mba/domain': [ '1.0.0' ]
13 silly audit }
14 http fetch POST 200 https://registry.npmjs.org/-/npm/v1/security/advisories/bulk 277ms
15 silly audit report {
15 silly audit report   postcss: [
15 silly audit report     {
15 silly audit report       id: 1117015,
15 silly audit report       url: 'https://github.com/advisories/GHSA-qx2v-qp2m-jg93',
15 silly audit report       title: 'PostCSS has XSS via Unescaped </style> in its CSS Stringify Output',
15 silly audit report       severity: 'moderate',
15 silly audit report       vulnerable_versions: '<8.5.10',
15 silly audit report       cwe: [Array],
15 silly audit report       cvss: [Object]
15 silly audit report     },
15 silly audit report     {
15 silly audit report       id: 1124252,
15 silly audit report       url: 'https://github.com/advisories/GHSA-6g55-p6wh-862q',
15 silly audit report       title: 'PostCSS: Arbitrary file read and information disclosure via attacker-controlled sourceMappingURL in CSS comments',
15 silly audit report       severity: 'high',
15 silly audit report       vulnerable_versions: '<=8.5.11',
15 silly audit report       cwe: [Array],
15 silly audit report       cvss: [Object]
15 silly audit report     },
15 silly audit report     {
15 silly audit report       id: 1124288,
15 silly audit report       url: 'https://github.com/advisories/GHSA-r28c-9q8g-f849',
15 silly audit report       title: 'PostCSS: Path Traversal in Previous Source Map Auto-Loading (sourceMappingURL) leads to Arbitrary .map File Disclosure',
15 silly audit report       severity: 'high',
15 silly audit report       vulnerable_versions: '<=8.5.17',
15 silly audit report       cwe: [Array],
15 silly audit report       cvss: [Object]
15 silly audit report     }
15 silly audit report   ],
15 silly audit report   sharp: [
15 silly audit report     {
15 silly audit report       id: 1124066,
15 silly audit report       url: 'https://github.com/advisories/GHSA-f88m-g3jw-g9cj',
15 silly audit report       title: 'sharp inherited vulnerabilities in libvips: CVE-2026-33327, CVE-2026-33328, CVE-2026-35590, CVE-2026-35591',
15 silly audit report       severity: 'high',
15 silly audit report       vulnerable_versions: '<0.35.0',
15 silly audit report       cwe: [Array],
15 silly audit report       cvss: [Object]
15 silly audit report     }
15 silly audit report   ],
15 silly audit report   uuid: [
15 silly audit report     {
15 silly audit report       id: 1119441,
15 silly audit report       url: 'https://github.com/advisories/GHSA-w5hq-g745-h8pq',
15 silly audit report       title: 'uuid: Missing buffer bounds check in v3/v5/v6 when buf is provided',
15 silly audit report       severity: 'moderate',
15 silly audit report       vulnerable_versions: '<11.1.1',
15 silly audit report       cwe: [Array],
15 silly audit report       cvss: [Object]
15 silly audit report     }
15 silly audit report   ]
15 silly audit report }
16 silly packumentCache corgi:https://registry.npmjs.org/postcss cache-miss
17 silly packumentCache corgi:https://registry.npmjs.org/sharp cache-miss
18 silly packumentCache corgi:https://registry.npmjs.org/uuid cache-miss
19 http cache https://registry.npmjs.org/uuid 13ms (cache hit)
20 silly packumentCache corgi:https://registry.npmjs.org/uuid set size:82973 disposed:false
21 http cache https://registry.npmjs.org/sharp 15ms (cache hit)
22 silly packumentCache corgi:https://registry.npmjs.org/sharp set size:291503 disposed:false
23 http cache https://registry.npmjs.org/postcss 19ms (cache hit)
24 silly packumentCache corgi:https://registry.npmjs.org/postcss set size:354683 disposed:false
25 silly packumentCache corgi:https://registry.npmjs.org/next cache-miss
26 http cache https://registry.npmjs.org/next 49ms (cache hit)
27 silly packumentCache corgi:https://registry.npmjs.org/next set size:25415748 disposed:false
28 silly packumentCache corgi:https://registry.npmjs.org/gaxios cache-miss
29 silly packumentCache corgi:https://registry.npmjs.org/google-gax cache-miss
30 silly packumentCache corgi:https://registry.npmjs.org/teeny-request cache-miss
31 http cache https://registry.npmjs.org/gaxios 13ms (cache hit)
32 silly packumentCache corgi:https://registry.npmjs.org/gaxios set size:202687 disposed:false
33 http cache https://registry.npmjs.org/google-gax 17ms (cache hit)
34 silly packumentCache corgi:https://registry.npmjs.org/google-gax set size:1002412 disposed:false
35 http cache https://registry.npmjs.org/teeny-request 21ms (cache hit)
36 silly packumentCache corgi:https://registry.npmjs.org/teeny-request set size:101034 disposed:false
37 silly packumentCache corgi:https://registry.npmjs.org/@google-cloud%2fstorage cache-miss
38 silly packumentCache corgi:https://registry.npmjs.org/gcp-metadata cache-miss
39 silly packumentCache corgi:https://registry.npmjs.org/google-auth-library cache-miss
40 silly packumentCache corgi:https://registry.npmjs.org/gtoken cache-miss
41 http cache https://registry.npmjs.org/gcp-metadata 13ms (cache hit)
42 silly packumentCache corgi:https://registry.npmjs.org/gcp-metadata set size:90637 disposed:false
43 http cache https://registry.npmjs.org/gtoken 13ms (cache hit)
44 silly packumentCache corgi:https://registry.npmjs.org/gtoken set size:74319 disposed:false
45 http cache https://registry.npmjs.org/@google-cloud%2fstorage 16ms (cache hit)
46 silly packumentCache corgi:https://registry.npmjs.org/@google-cloud%2fstorage set size:479910 disposed:false
47 http cache https://registry.npmjs.org/google-auth-library 19ms (cache hit)
48 silly packumentCache corgi:https://registry.npmjs.org/google-auth-library set size:373596 disposed:false
49 silly packumentCache corgi:https://registry.npmjs.org/@google-cloud%2ffirestore cache-miss
50 http cache https://registry.npmjs.org/@google-cloud%2ffirestore 5ms (cache hit)
51 silly packumentCache corgi:https://registry.npmjs.org/@google-cloud%2ffirestore set size:332066 disposed:false
52 silly packumentCache corgi:https://registry.npmjs.org/retry-request cache-miss
53 http cache https://registry.npmjs.org/retry-request 4ms (cache hit)
54 silly packumentCache corgi:https://registry.npmjs.org/retry-request set size:43443 disposed:false
55 silly packumentCache corgi:https://registry.npmjs.org/firebase-admin cache-miss
56 http cache https://registry.npmjs.org/firebase-admin 4ms (cache hit)
57 silly packumentCache corgi:https://registry.npmjs.org/firebase-admin set size:349635 disposed:false
58 silly packumentCache corgi:https://registry.npmjs.org/firebase-functions cache-miss
59 http cache https://registry.npmjs.org/firebase-functions 5ms (cache hit)
60 silly packumentCache corgi:https://registry.npmjs.org/firebase-functions set size:318319 disposed:false
61 verbose cwd C:\Users\vedsp\Desktop\MBA dashboard
62 verbose os Windows_NT 10.0.26200
63 verbose node v24.13.0
64 verbose npm  v11.6.2
65 verbose exit 1
66 verbose code 1
